\BOOKMARK [0][-]{chapter*.1}{\376\377\000T\000I\000T\000L\000E\000\040\000P\000A\000G\000E}{}% 1
\BOOKMARK [0][-]{chapter*.1}{\376\377\000A\000P\000P\000R\000O\000V\000A\000L\000\040\000S\000H\000E\000E\000T}{}% 2
\BOOKMARK [0][-]{chapter*.1}{\376\377\000A\000B\000S\000T\000R\000A\000C\000T}{}% 3
\BOOKMARK [0][-]{chapter*.1}{\376\377\000D\000E\000D\000I\000C\000A\000T\000I\000O\000N}{}% 4
\BOOKMARK [0][-]{chapter*.1}{\376\377\000A\000C\000K\000N\000O\000W\000L\000E\000D\000G\000M\000E\000N\000T}{}% 5
\BOOKMARK [0][-]{chapter*.1}{\376\377\000T\000A\000B\000L\000E\000\040\000O\000F\000\040\000C\000O\000N\000T\000E\000N\000T\000S}{}% 6
\BOOKMARK [0][-]{chapter*.2}{\376\377\000L\000I\000S\000T\000\040\000O\000F\000\040\000T\000A\000B\000L\000E\000S}{}% 7
\BOOKMARK [0][-]{chapter*.3}{\376\377\000L\000I\000S\000T\000\040\000O\000F\000\040\000E\000Q\000U\000A\000T\000I\000O\000N\000S}{}% 8
\BOOKMARK [0][-]{chapter*.3}{\376\377\000L\000I\000S\000T\000\040\000O\000F\000\040\000F\000I\000G\000U\000R\000E\000S}{}% 9
\BOOKMARK [0][-]{chapter*.5}{\376\377\000L\000I\000S\000T\000\040\000O\000F\000\040\000E\000Q\000U\000A\000T\000I\000O\000N\000S}{}% 10
\BOOKMARK [0][-]{chapter.1}{\376\377\000I\000N\000T\000R\000O\000D\000U\000C\000T\000I\000O\000N}{}% 11
\BOOKMARK [1][-]{section.1.1}{\376\377\000B\000a\000c\000k\000g\000r\000o\000u\000n\000d\000\040\000o\000f\000\040\000t\000h\000e\000\040\000S\000t\000u\000d\000y}{chapter.1}% 12
\BOOKMARK [1][-]{section.1.2}{\376\377\000S\000t\000a\000t\000e\000m\000e\000n\000t\000\040\000o\000f\000\040\000t\000h\000e\000\040\000P\000r\000o\000b\000l\000e\000m}{chapter.1}% 13
\BOOKMARK [1][-]{section.1.3}{\376\377\000O\000b\000j\000e\000c\000t\000i\000v\000e\000s\000\040\000o\000f\000\040\000t\000h\000e\000\040\000S\000t\000u\000d\000y}{chapter.1}% 14
\BOOKMARK [2][-]{subsection.1.3.1}{\376\377\000G\000e\000n\000e\000r\000a\000l\000\040\000O\000b\000j\000e\000c\000t\000i\000v\000e\000s}{section.1.3}% 15
\BOOKMARK [2][-]{subsection.1.3.2}{\376\377\000S\000p\000e\000c\000i\000f\000i\000c\000\040\000O\000b\000j\000e\000c\000t\000i\000v\000e\000s}{section.1.3}% 16
\BOOKMARK [1][-]{section.1.4}{\376\377\000S\000i\000g\000n\000i\000f\000i\000c\000a\000n\000c\000e\000\040\000o\000f\000\040\000t\000h\000e\000\040\000S\000t\000u\000d\000y}{chapter.1}% 17
\BOOKMARK [1][-]{section.1.5}{\376\377\000S\000c\000o\000p\000e\000\040\000a\000n\000d\000\040\000L\000i\000m\000i\000t\000a\000t\000i\000o\000n\000s}{chapter.1}% 18
\BOOKMARK [2][-]{subsection.1.5.1}{\376\377\000S\000c\000o\000p\000e}{section.1.5}% 19
\BOOKMARK [2][-]{subsection.1.5.2}{\376\377\000L\000i\000m\000i\000t\000a\000t\000i\000o\000n\000s}{section.1.5}% 20
\BOOKMARK [2][-]{subsection.1.5.3}{\376\377\000D\000e\000f\000i\000n\000i\000t\000i\000o\000n\000\040\000o\000f\000\040\000T\000e\000r\000m\000s}{section.1.5}% 21
\BOOKMARK [0][-]{chapter.2}{\376\377\000R\000E\000V\000I\000E\000W\000\040\000O\000F\000\040\000R\000E\000L\000A\000T\000E\000D\000\040\000L\000I\000T\000E\000R\000A\000T\000U\000R\000E}{}% 22
\BOOKMARK [1][-]{section.2.1}{\376\377\000T\000h\000e\000o\000r\000e\000t\000i\000c\000a\000l\000\040\000B\000a\000c\000k\000g\000r\000o\000u\000n\000d}{chapter.2}% 23
\BOOKMARK [2][-]{subsection.2.1.1}{\376\377\000R\000e\000n\000t\000a\000l\000\040\000S\000y\000s\000t\000e\000m\000\040\000T\000h\000e\000o\000r\000y}{section.2.1}% 24
\BOOKMARK [2][-]{subsection.2.1.2}{\376\377\000S\000u\000s\000t\000a\000i\000n\000a\000b\000l\000e\000\040\000E\000n\000e\000r\000g\000y\000\040\000a\000n\000d\000\040\000P\000o\000r\000t\000a\000b\000l\000e\000\040\000P\000o\000w\000e\000r\000\040\000T\000h\000e\000o\000r\000y}{section.2.1}% 25
\BOOKMARK [2][-]{subsection.2.1.3}{\376\377\000W\000i\000r\000e\000l\000e\000s\000s\000\040\000C\000o\000m\000m\000u\000n\000i\000c\000a\000t\000i\000o\000n\000\040\000a\000n\000d\000\040\000P\000o\000s\000i\000t\000i\000o\000n\000i\000n\000g\000\040\000T\000h\000e\000o\000r\000y\000\040\000\050\000G\000P\000S\000\040\000a\000n\000d\000\040\000G\000S\000M\000\040\000M\000o\000d\000u\000l\000e\000s\000\051}{section.2.1}% 26
\BOOKMARK [2][-]{subsection.2.1.4}{\376\377\000I\000n\000t\000e\000g\000r\000a\000t\000i\000o\000n\000\040\000o\000f\000\040\000T\000h\000e\000o\000r\000i\000e\000s}{section.2.1}% 27
\BOOKMARK [1][-]{section.2.2}{\376\377\000C\000o\000n\000c\000e\000p\000t\000u\000a\000l\000\040\000F\000r\000a\000m\000e\000w\000o\000r\000k}{chapter.2}% 28
\BOOKMARK [2][-]{subsection.2.2.1}{\376\377\000S\000c\000h\000e\000m\000a\000t\000i\000c\000\040\000D\000i\000a\000g\000r\000a\000m}{section.2.2}% 29
\BOOKMARK [1][-]{section.2.3}{\376\377\000R\000e\000v\000i\000e\000w\000\040\000o\000f\000\040\000R\000e\000l\000a\000t\000e\000d\000\040\000S\000t\000u\000d\000i\000e\000s}{chapter.2}% 30
\BOOKMARK [2][-]{subsection.2.3.1}{\376\377\000D\000e\000s\000i\000g\000n\000\040\000o\000f\000\040\000a\000\040\000S\000o\000l\000a\000r\000-\000B\000a\000s\000e\000d\000\040\000P\000o\000r\000t\000a\000b\000l\000e\000\040\000P\000o\000w\000e\000r\000\040\000S\000u\000p\000p\000l\000y\000\040\000w\000i\000t\000h\000\040\000M\000o\000d\000u\000l\000a\000r\000\040\000B\000a\000t\000t\000e\000r\000y\000\040\000S\000y\000s\000t\000e\000m\000\040\000f\000o\000r\000\040\000t\000h\000e\000\040\000D\000u\000m\000a\000g\000a\000t\000\040\000T\000r\000i\000b\000e\000\040\000i\000n\000\040\000N\000o\000r\000z\000a\000g\000a\000r\000a\000y\000,\000\040\000B\000u\000l\000a\000c\000a\000n}{section.2.3}% 31
\BOOKMARK [2][-]{subsection.2.3.2}{\376\377\000S\000o\000l\000a\000r\000-\000P\000o\000w\000e\000r\000e\000d\000\040\000C\000o\000i\000n\000-\000O\000p\000e\000r\000a\000t\000e\000d\000\040\000M\000o\000b\000i\000l\000e\000\040\000C\000h\000a\000r\000g\000i\000n\000g\000\040\000S\000t\000a\000t\000i\000o\000n\000\040\000f\000o\000r\000\040\000S\000u\000s\000t\000a\000i\000n\000a\000b\000l\000e\000\040\000E\000n\000e\000r\000g\000y\000\040\000A\000c\000c\000e\000s\000s\000\040\000a\000n\000d\000\040\000R\000e\000s\000i\000l\000i\000e\000n\000c\000e}{section.2.3}% 32
\BOOKMARK [2][-]{subsection.2.3.3}{\376\377\000P\000o\000r\000t\000a\000b\000l\000e\000\040\000S\000o\000l\000a\000r\000-\000S\000t\000a\000t\000i\000o\000n\000\040\000w\000i\000t\000h\000\040\000I\000n\000t\000e\000g\000r\000a\000t\000e\000d\000\040\000B\000a\000t\000t\000e\000r\000y\000\040\000M\000a\000n\000a\000g\000e\000m\000e\000n\000t\000\040\000a\000n\000d\000\040\000L\000o\000a\000d\000\040\000M\000o\000n\000i\000t\000o\000r\000i\000n\000g\000\040\000S\000y\000s\000t\000e\000m}{section.2.3}% 33
\BOOKMARK [2][-]{subsection.2.3.4}{\376\377\000M\000u\000l\000t\000i\000p\000o\000r\000t\000\040\000U\000n\000i\000v\000e\000r\000s\000a\000l\000\040\000S\000o\000l\000a\000r\000\040\000P\000o\000w\000e\000r\000\040\000B\000a\000n\000k}{section.2.3}% 34
\BOOKMARK [2][-]{subsection.2.3.5}{\376\377\000P\000o\000r\000t\000a\000b\000l\000e\000\040\000P\000o\000w\000e\000r\000\040\000S\000u\000p\000p\000l\000y\000\040\000D\000e\000s\000i\000g\000n\000\040\000w\000i\000t\000h\000\040\0001\0000\0000\000\040\000W\000a\000t\000t\000\040\000C\000a\000p\000a\000c\000i\000t\000y}{section.2.3}% 35
\BOOKMARK [2][-]{subsection.2.3.6}{\376\377\000D\000e\000s\000i\000g\000n\000\040\000a\000n\000d\000\040\000D\000e\000v\000e\000l\000o\000p\000m\000e\000n\000t\000\040\000o\000f\000\040\000P\000o\000r\000t\000a\000b\000l\000e\000\040\000S\000t\000a\000n\000d\000-\000A\000l\000o\000n\000e\000\040\000S\000o\000l\000a\000r\000\040\000P\000o\000w\000e\000r\000\040\000G\000e\000n\000e\000r\000a\000t\000o\000r}{section.2.3}% 36
\BOOKMARK [2][-]{subsection.2.3.7}{\376\377\000A\000\040\000s\000o\000l\000a\000r\000-\000p\000o\000w\000e\000r\000e\000d\000\040\000m\000u\000l\000t\000i\000-\000f\000u\000n\000c\000t\000i\000o\000n\000a\000l\000\040\000p\000o\000r\000t\000a\000b\000l\000e\000\040\000c\000h\000a\000r\000g\000i\000n\000g\000\040\000d\000e\000v\000i\000c\000e\000\040\000\050\000S\000P\000M\000F\000P\000C\000D\000\051\000\040\000w\000i\000t\000h\000\040\000i\000n\000t\000e\000r\000n\000e\000t\000-\000o\000f\000-\000t\000h\000i\000n\000g\000s\000\040\000\050\000I\000o\000T\000\051\000-\000b\000a\000s\000e\000d\000\040\000r\000e\000a\000l\000-\000t\000i\000m\000e\000\040\000m\000o\000n\000i\000t\000o\000r\000i\000n\000g\000-\000\040\000A\000n\000\040\000i\000n\000n\000o\000v\000a\000t\000i\000v\000e\000\040\000s\000c\000h\000e\000m\000e\000\040\000t\000o\000w\000a\000r\000d\000s\000\040\000e\000n\000e\000r\000g\000y\000\040\000a\000c\000c\000e\000s\000s\000\040\000a\000n\000d\000\040\000m\000a\000n\000a\000g\000e\000m\000e\000n\000t}{section.2.3}% 37
\BOOKMARK [2][-]{subsection.2.3.8}{\376\377\000R\000e\000n\000e\000w\000a\000b\000l\000e\000\040\000E\000n\000e\000r\000g\000y\000\040\000f\000r\000o\000m\000\040\000S\000o\000l\000a\000r\000\040\000P\000a\000n\000e\000l\000s\000:\000\040\000A\000\040\000S\000t\000u\000d\000y\000\040\000o\000f\000\040\000P\000h\000o\000t\000o\000v\000o\000l\000t\000a\000i\000c\000\040\000P\000h\000y\000s\000i\000c\000s\000\040\000a\000n\000d\000\040\000E\000n\000v\000i\000r\000o\000n\000m\000e\000n\000t\000a\000l\000\040\000B\000e\000n\000e\000f\000i\000t\000s}{section.2.3}% 38
\BOOKMARK [2][-]{subsection.2.3.9}{\376\377\000P\000o\000w\000e\000r\000\040\000C\000o\000n\000s\000u\000m\000p\000t\000i\000o\000n\000\040\000o\000f\000\040\000H\000o\000u\000s\000e\000h\000o\000l\000d\000\040\000A\000p\000p\000l\000i\000a\000n\000c\000e\000s}{section.2.3}% 39
\BOOKMARK [2][-]{subsection.2.3.10}{\376\377\000E\000l\000e\000c\000t\000r\000i\000c\000i\000t\000y\000\040\000D\000i\000s\000t\000r\000i\000b\000u\000t\000i\000o\000n\000\040\000a\000n\000d\000\040\000S\000u\000p\000p\000l\000y\000\040\000A\000u\000t\000h\000o\000r\000i\000t\000y}{section.2.3}% 40
\BOOKMARK [2][-]{subsection.2.3.11}{\376\377\000A\000s\000s\000e\000s\000s\000i\000n\000g\000\040\000t\000h\000e\000\040\000I\000m\000p\000a\000c\000t\000\040\000o\000f\000\040\000P\000o\000w\000e\000r\000\040\000O\000u\000t\000a\000g\000e\000s\000\040\000o\000n\000\040\000A\000p\000p\000l\000i\000a\000n\000c\000e\000s\000\040\000o\000f\000\040\000F\000a\000r\000m\000e\000r\000s\000\040\000a\000n\000d\000\040\000F\000i\000s\000h\000e\000r\000f\000o\000l\000k\000s\000\040\000i\000n\000\040\000S\000e\000l\000e\000c\000t\000e\000d\000\040\000B\000a\000r\000a\000n\000g\000a\000y\000s\000\040\000o\000f\000\040\000C\000a\000w\000a\000y\000a\000n\000,\000\040\000M\000a\000s\000b\000a\000t\000e\000,\000\040\000P\000h\000i\000l\000i\000p\000p\000i\000n\000e\000s\000:\000\040\000B\000a\000s\000i\000s\000\040\000f\000o\000r\000\040\000a\000\040\000P\000r\000o\000p\000o\000s\000e\000d\000\040\000E\000x\000t\000e\000n\000s\000i\000o\000n\000\040\000P\000r\000o\000g\000r\000a\000m}{section.2.3}% 41
\BOOKMARK [2][-]{subsection.2.3.12}{\376\377\000S\000y\000n\000t\000h\000e\000s\000i\000s}{section.2.3}% 42
\BOOKMARK [0][-]{chapter.3}{\376\377\000M\000E\000T\000H\000O\000D\000O\000L\000O\000G\000Y}{}% 43
\BOOKMARK [1][-]{section.3.1}{\376\377\000P\000l\000a\000n\000n\000i\000n\000g}{chapter.3}% 44
\BOOKMARK [2][-]{subsection.3.1.1}{\376\377\000B\000u\000d\000g\000e\000t\000\040\000P\000l\000a\000n\000n\000i\000n\000g}{section.3.1}% 45
\BOOKMARK [2][-]{subsection.3.1.2}{\376\377\000M\000a\000t\000e\000r\000i\000a\000l\000s\000\040\000a\000n\000d\000\040\000C\000o\000s\000t}{section.3.1}% 46
\BOOKMARK [2][-]{subsection.3.1.3}{\376\377\000R\000e\000t\000u\000r\000n\000\040\000o\000n\000\040\000I\000n\000v\000e\000s\000t\000m\000e\000n\000t\000\040\000\050\000R\000O\000I\000\051\000\040\000A\000n\000a\000l\000y\000s\000i\000s}{section.3.1}% 47
\BOOKMARK [3][-]{subsubsection.3.1.3.1}{\376\377\000P\000a\000y\000b\000a\000c\000k\000\040\000P\000e\000r\000i\000o\000d\000\040\000C\000a\000l\000c\000u\000l\000a\000t\000i\000o\000n}{subsection.3.1.3}% 48
\BOOKMARK [3][-]{subsubsection.3.1.3.2}{\376\377\000C\000o\000n\000v\000e\000r\000s\000i\000o\000n\000\040\000o\000f\000\040\000P\000a\000y\000b\000a\000c\000k\000\040\000P\000e\000r\000i\000o\000d\000\040\000t\000o\000\040\000Y\000e\000a\000r\000s}{subsection.3.1.3}% 49
\BOOKMARK [3][-]{subsubsection.3.1.3.3}{\376\377\000R\000O\000I\000\040\000I\000n\000t\000e\000r\000p\000r\000e\000t\000a\000t\000i\000o\000n}{subsection.3.1.3}% 50
\BOOKMARK [2][-]{subsection.3.1.4}{\376\377\000R\000e\000s\000e\000a\000r\000c\000h\000\040\000S\000e\000t\000t\000i\000n\000g}{section.3.1}% 51
\BOOKMARK [2][-]{subsection.3.1.5}{\376\377\000U\000s\000e\000r\000\040\000D\000e\000f\000i\000n\000i\000t\000i\000o\000n}{section.3.1}% 52
\BOOKMARK [2][-]{subsection.3.1.6}{\376\377\000S\000y\000s\000t\000e\000m\000\040\000R\000e\000q\000u\000i\000r\000e\000m\000e\000n\000t\000s}{section.3.1}% 53
\BOOKMARK [1][-]{section.3.2}{\376\377\000S\000y\000s\000t\000e\000m\000\040\000D\000e\000s\000i\000g\000n}{chapter.3}% 54
\BOOKMARK [2][-]{subsection.3.2.1}{\376\377\000S\000y\000s\000t\000e\000m\000\040\000A\000r\000c\000h\000i\000t\000e\000c\000t\000u\000r\000e}{section.3.2}% 55
\BOOKMARK [2][-]{subsection.3.2.2}{\376\377\000F\000l\000o\000w\000c\000h\000a\000r\000t}{section.3.2}% 56
\BOOKMARK [2][-]{subsection.3.2.3}{\376\377\000C\000o\000n\000t\000e\000x\000t\000\040\000L\000e\000v\000e\000l\000\040\000D\000i\000a\000g\000r\000a\000m}{section.3.2}% 57
\BOOKMARK [2][-]{subsection.3.2.4}{\376\377\000D\000a\000t\000a\000\040\000F\000l\000o\000w\000\040\000D\000i\000a\000g\000r\000a\000m}{section.3.2}% 58
\BOOKMARK [2][-]{subsection.3.2.5}{\376\377\000U\000s\000e\000\040\000C\000a\000s\000e\000\040\000D\000i\000a\000g\000r\000a\000m}{section.3.2}% 59
\BOOKMARK [2][-]{subsection.3.2.6}{\376\377\000S\000o\000l\000a\000r\000\040\000E\000n\000e\000r\000g\000y\000\040\000H\000a\000r\000v\000e\000s\000t\000i\000n\000g}{section.3.2}% 60
\BOOKMARK [2][-]{subsection.3.2.7}{\376\377\000E\000n\000e\000r\000g\000y\000\040\000C\000o\000n\000v\000e\000r\000s\000i\000o\000n\000\040\000D\000C\000\040\000t\000o\000\040\000A\000C}{section.3.2}% 61
\BOOKMARK [2][-]{subsection.3.2.8}{\376\377\000P\000o\000w\000e\000r\000\040\000M\000o\000n\000i\000t\000o\000r\000i\000n\000g}{section.3.2}% 62
\BOOKMARK [2][-]{subsection.3.2.9}{\376\377\000G\000P\000S\000\040\000T\000r\000a\000c\000k\000i\000n\000g}{section.3.2}% 63
\BOOKMARK [1][-]{section.3.3}{\376\377\000H\000a\000r\000d\000w\000a\000r\000e\000\040\000D\000e\000v\000e\000l\000o\000p\000m\000e\000n\000t}{chapter.3}% 64
\BOOKMARK [2][-]{subsection.3.3.1}{\376\377\000M\000a\000t\000e\000r\000i\000a\000l\000\040\000S\000p\000e\000c\000i\000f\000i\000c\000a\000t\000i\000o\000n\000s}{section.3.3}% 65
\BOOKMARK [2][-]{subsection.3.3.2}{\376\377\000C\000i\000r\000c\000u\000i\000t\000\040\000D\000i\000a\000g\000r\000a\000m}{section.3.3}% 66
\BOOKMARK [2][-]{subsection.3.3.3}{\376\377\000S\000c\000h\000e\000m\000a\000t\000i\000c\000\040\000L\000a\000y\000o\000u\000t}{section.3.3}% 67
\BOOKMARK [2][-]{subsection.3.3.4}{\376\377\000H\000a\000r\000d\000w\000a\000r\000e\000\040\000D\000e\000s\000i\000g\000n}{section.3.3}% 68
\BOOKMARK [1][-]{section.3.4}{\376\377\000S\000o\000f\000t\000w\000a\000r\000e\000\040\000D\000e\000v\000e\000l\000o\000p\000m\000e\000n\000t}{chapter.3}% 69
\BOOKMARK [2][-]{subsection.3.4.1}{\376\377\000E\000m\000b\000e\000d\000d\000e\000d\000\040\000S\000y\000s\000t\000e\000m\000\040\000S\000o\000f\000t\000w\000a\000r\000e\000\040\000D\000e\000v\000e\000l\000o\000p\000m\000e\000n\000t}{section.3.4}% 70
\BOOKMARK [2][-]{subsection.3.4.2}{\376\377\000B\000a\000t\000t\000e\000r\000y\000\040\000M\000o\000n\000i\000t\000o\000r\000i\000n\000g\000\040\000a\000n\000d\000\040\000P\000o\000w\000e\000r\000\040\000C\000a\000l\000c\000u\000l\000a\000t\000i\000o\000n}{section.3.4}% 71
\BOOKMARK [2][-]{subsection.3.4.3}{\376\377\000R\000e\000n\000t\000a\000l\000\040\000T\000i\000m\000e\000\040\000T\000r\000a\000c\000k\000i\000n\000g\000\040\000a\000n\000d\000\040\000R\000u\000l\000e\000-\000B\000a\000s\000e\000d\000\040\000C\000o\000n\000t\000r\000o\000l}{section.3.4}% 72
\BOOKMARK [2][-]{subsection.3.4.4}{\376\377\000M\000o\000b\000i\000l\000e\000\040\000A\000p\000p\000l\000i\000c\000a\000t\000i\000o\000n\000\040\000D\000e\000v\000e\000l\000o\000p\000m\000e\000n\000t}{section.3.4}% 73
\BOOKMARK [3][-]{subsubsection.3.4.4.1}{\376\377\000Q\000u\000a\000s\000a\000r\000\040\000F\000r\000a\000m\000e\000w\000o\000r\000k}{subsection.3.4.4}% 74
\BOOKMARK [3][-]{subsubsection.3.4.4.2}{\376\377\000A\000c\000t\000i\000v\000i\000t\000y\000\040\000D\000i\000a\000g\000r\000a\000m}{subsection.3.4.4}% 75
\BOOKMARK [3][-]{subsubsection.3.4.4.3}{\376\377\000G\000i\000t\000H\000u\000b}{subsection.3.4.4}% 76
\BOOKMARK [3][-]{subsubsection.3.4.4.4}{\376\377\000R\000e\000a\000l\000t\000i\000m\000e\000\040\000D\000a\000t\000a\000b\000a\000s\000e}{subsection.3.4.4}% 77
\BOOKMARK [3][-]{subsubsection.3.4.4.5}{\376\377\000C\000l\000o\000u\000d\000\040\000F\000i\000r\000e\000s\000t\000o\000r\000e}{subsection.3.4.4}% 78
\BOOKMARK [2][-]{subsection.3.4.5}{\376\377\000N\000e\000t\000w\000o\000r\000k\000\040\000E\000n\000c\000r\000y\000p\000t\000i\000o\000n\000\040\000a\000n\000d\000\040\000S\000e\000c\000u\000r\000i\000t\000y\000\040\000F\000e\000a\000t\000u\000r\000e}{section.3.4}% 79
\BOOKMARK [3][-]{subsubsection.3.4.5.1}{\376\377\000M\000i\000k\000r\000o\000T\000i\000k}{subsection.3.4.5}% 80
\BOOKMARK [2][-]{subsection.3.4.6}{\376\377\000G\000r\000a\000p\000h\000i\000c\000a\000l\000\040\000U\000s\000e\000r\000\040\000I\000n\000t\000e\000r\000f\000a\000c\000e\000\040\000D\000e\000s\000i\000g\000n}{section.3.4}% 81
\BOOKMARK [1][-]{section.3.5}{\376\377\000S\000y\000s\000t\000e\000m\000\040\000I\000n\000t\000e\000g\000r\000a\000t\000i\000o\000n}{chapter.3}% 82
\BOOKMARK [1][-]{section.3.6}{\376\377\000T\000e\000s\000t\000i\000n\000g}{chapter.3}% 83
\BOOKMARK [2][-]{subsection.3.6.1}{\376\377\000P\000e\000r\000f\000o\000r\000m\000a\000n\000c\000e\000\040\000T\000e\000s\000t\000i\000n\000g}{section.3.6}% 84
\BOOKMARK [2][-]{subsection.3.6.2}{\376\377\000U\000s\000a\000b\000i\000l\000i\000t\000y\000\040\000T\000e\000s\000t\000i\000n\000g}{section.3.6}% 85
\BOOKMARK [1][-]{section.3.7}{\376\377\000I\000m\000p\000l\000e\000m\000e\000n\000t\000a\000t\000i\000o\000n}{chapter.3}% 86
\BOOKMARK [2][-]{subsection.3.7.1}{\376\377\000C\000a\000l\000c\000u\000l\000a\000t\000i\000o\000n\000\040\000R\000e\000q\000u\000i\000r\000e\000m\000e\000n\000t\000s}{section.3.7}% 87
\BOOKMARK [3][-]{subsubsection.3.7.1.1}{\376\377\000L\000o\000a\000d\000\040\000A\000n\000a\000l\000y\000s\000i\000s}{subsection.3.7.1}% 88
\BOOKMARK [3][-]{subsubsection.3.7.1.2}{\376\377\000B\000a\000t\000t\000e\000r\000y\000\040\000S\000i\000z\000i\000n\000g}{subsection.3.7.1}% 89
\BOOKMARK [3][-]{subsubsection.3.7.1.3}{\376\377\000C\000h\000a\000r\000g\000i\000n\000g\000\040\000T\000i\000m\000e\000\040\000a\000n\000d\000\040\000E\000n\000e\000r\000g\000y\000\040\000C\000a\000l\000c\000u\000l\000a\000t\000i\000o\000n\000s}{subsection.3.7.1}% 90
\BOOKMARK [2][-]{subsection.3.7.2}{\376\377\000S\000t\000a\000n\000d\000a\000r\000d\000s\000\040\000a\000n\000d\000\040\000G\000u\000i\000d\000e\000l\000i\000n\000e\000s\000\040\000C\000o\000n\000s\000i\000d\000e\000r\000e\000d}{section.3.7}% 91
\BOOKMARK [0][-]{chapter.4}{\376\377\000R\000E\000S\000U\000L\000T\000S\000\040\000A\000N\000D\000\040\000D\000I\000S\000C\000U\000S\000S\000I\000O\000N}{}% 92
\BOOKMARK [1][-]{section.4.1}{\376\377\000S\000o\000l\000a\000r\000\040\000E\000n\000e\000r\000g\000y\000\040\000H\000a\000r\000v\000e\000s\000t\000i\000n\000g}{chapter.4}% 93
\BOOKMARK [1][-]{section.4.2}{\376\377\000B\000a\000t\000t\000e\000r\000y\000\040\000D\000C\000\040\000P\000o\000w\000e\000r\000\040\000C\000o\000n\000v\000e\000r\000t\000e\000d\000\040\000t\000o\000\040\000A\000C\000\040\000O\000u\000t\000p\000u\000t\000\040\000v\000i\000a\000\040\000I\000n\000v\000e\000r\000t\000e\000r}{chapter.4}% 94
\BOOKMARK [1][-]{section.4.3}{\376\377\000E\000S\000P\0003\0002\000\040\000M\000e\000a\000s\000u\000r\000e\000s\000\040\000B\000a\000t\000t\000e\000r\000y\000\040\000V\000o\000l\000t\000a\000g\000e\000\040\000a\000n\000d\000\040\000D\000i\000s\000p\000l\000a\000y\000s\000\040\000D\000a\000t\000a\000\040\000o\000n\000\040\000L\000C\000D}{chapter.4}% 95
\BOOKMARK [1][-]{section.4.4}{\376\377\000E\000S\000P\0003\0002\000\040\000R\000e\000c\000e\000i\000v\000e\000s\000\040\000L\000o\000c\000a\000t\000i\000o\000n\000\040\000D\000a\000t\000a\000\040\000F\000r\000o\000m\000\040\000G\000P\000S\000\040\000S\000a\000t\000e\000l\000l\000i\000t\000e\000s\000\040\000U\000s\000i\000n\000g\000\040\000W\000i\000F\000i}{chapter.4}% 96
\BOOKMARK [1][-]{section.4.5}{\376\377\000B\000a\000t\000t\000e\000r\000y\000\040\000M\000o\000n\000i\000t\000o\000r\000i\000n\000g\000\040\000a\000n\000d\000\040\000P\000o\000w\000e\000r\000\040\000C\000a\000l\000c\000u\000l\000a\000t\000i\000o\000n}{chapter.4}% 97
\BOOKMARK [1][-]{section.4.6}{\376\377\000R\000e\000n\000t\000a\000l\000\040\000T\000i\000m\000e\000\040\000T\000r\000a\000c\000k\000i\000n\000g\000\040\000a\000n\000d\000\040\000R\000u\000l\000e\000-\000B\000a\000s\000e\000d\000\040\000C\000o\000n\000t\000r\000o\000l}{chapter.4}% 98
\BOOKMARK [1][-]{section.4.7}{\376\377\000N\000e\000t\000w\000o\000r\000k\000\040\000E\000n\000c\000r\000y\000p\000t\000i\000o\000n\000\040\000S\000e\000c\000u\000r\000i\000t\000y\000\040\000F\000e\000a\000t\000u\000r\000e}{chapter.4}% 99
\BOOKMARK [2][-]{subsection.4.7.1}{\376\377\000M\000i\000k\000r\000o\000t\000i\000k}{section.4.7}% 100
\BOOKMARK [1][-]{section.4.8}{\376\377\000P\000e\000r\000f\000o\000r\000m\000a\000n\000c\000e\000\040\000T\000e\000s\000t\000i\000n\000g}{chapter.4}% 101
\BOOKMARK [1][-]{section.4.9}{\376\377\000U\000s\000a\000b\000i\000l\000i\000t\000y\000\040\000T\000e\000s\000t\000i\000n\000g}{chapter.4}% 102
\BOOKMARK [1][-]{section.4.10}{\376\377\000L\000o\000a\000d\000\040\000A\000n\000a\000l\000y\000s\000i\000s}{chapter.4}% 103
\BOOKMARK [1][-]{section.4.11}{\376\377\000D\000e\000t\000a\000c\000h\000a\000b\000l\000e\000\040\000P\000o\000w\000e\000r\000\040\000S\000o\000u\000r\000c\000e\000\040\000-\000\040\000B\000a\000t\000t\000e\000r\000y\000\040\000C\000a\000p\000a\000c\000i\000t\000y}{chapter.4}% 104
\BOOKMARK [1][-]{section.4.12}{\376\377\000P\000a\000n\000e\000l\000\040\000S\000i\000z\000i\000n\000g}{chapter.4}% 105
\BOOKMARK [1][-]{section.4.13}{\376\377\000I\000n\000v\000e\000r\000t\000e\000r\000\040\000S\000i\000z\000i\000n\000g}{chapter.4}% 106
\BOOKMARK [1][-]{section.4.14}{\376\377\000S\000o\000l\000a\000r\000\040\000C\000h\000a\000r\000g\000e\000\040\000C\000o\000n\000t\000r\000o\000l\000l\000e\000r\000\040\000S\000i\000z\000i\000n\000g}{chapter.4}% 107
\BOOKMARK [1][-]{section.4.15}{\376\377\000C\000h\000a\000r\000g\000i\000n\000g\000\040\000T\000i\000m\000e\000\040\000a\000n\000d\000\040\000E\000n\000e\000r\000g\000y\000\040\000C\000a\000l\000c\000u\000l\000a\000t\000i\000o\000n}{chapter.4}% 108
\BOOKMARK [2][-]{subsection.4.15.1}{\376\377\000C\000h\000a\000r\000g\000i\000n\000g\000\040\000T\000i\000m\000e\000\040\000o\000f\000\040\000t\000h\000e\000\040\000S\000t\000a\000t\000i\000o\000n\000\040\000B\000a\000t\000t\000e\000r\000y\000\040\000U\000s\000i\000n\000g\000\040\000S\000o\000l\000a\000r\000\040\000P\000a\000n\000e\000l}{section.4.15}% 109
\BOOKMARK [2][-]{subsection.4.15.2}{\376\377\000E\000n\000e\000r\000g\000y\000\040\000F\000e\000a\000s\000i\000b\000i\000l\000i\000t\000y\000\040\000o\000f\000\040\000C\000h\000a\000r\000g\000i\000n\000g\000\040\000D\000e\000t\000a\000c\000h\000a\000b\000l\000e\000\040\000P\000o\000w\000e\000r\000\040\000S\000o\000u\000r\000c\000e}{section.4.15}% 110
\BOOKMARK [2][-]{subsection.4.15.3}{\376\377\000C\000h\000a\000r\000g\000i\000n\000g\000\040\000T\000i\000m\000e\000\040\000o\000f\000\040\000a\000\040\000S\000i\000n\000g\000l\000e\000\040\000D\000e\000t\000a\000c\000h\000a\000b\000l\000e\000\040\000P\000o\000w\000e\000r\000\040\000S\000o\000u\000r\000c\000e}{section.4.15}% 111
\BOOKMARK [2][-]{subsection.4.15.4}{\376\377\000C\000h\000a\000r\000g\000i\000n\000g\000\040\000T\000i\000m\000e\000\040\000o\000f\000\040\000a\000\040\000D\000o\000u\000b\000l\000e\000\040\000D\000e\000t\000a\000c\000h\000a\000b\000l\000e\000\040\000P\000o\000w\000e\000r\000\040\000S\000o\000u\000r\000c\000e}{section.4.15}% 112
\BOOKMARK [1][-]{section.4.16}{\376\377\000H\000a\000r\000d\000w\000a\000r\000e\000\040\000T\000e\000s\000t\000i\000n\000g\000\040\000R\000e\000s\000u\000l\000t\000s\000\040\000a\000n\000d\000\040\000D\000i\000s\000c\000u\000s\000s\000i\000o\000n}{chapter.4}% 113
\BOOKMARK [2][-]{subsection.4.16.1}{\376\377\000H\000a\000r\000d\000w\000a\000r\000e\000\040\000D\000e\000s\000i\000g\000n}{section.4.16}% 114
\BOOKMARK [3][-]{subsubsection.4.16.1.1}{\376\377\000C\000o\000m\000p\000o\000n\000e\000n\000t\000\040\000L\000a\000y\000o\000u\000t\000\040\000a\000n\000d\000\040\000S\000y\000s\000t\000e\000m\000\040\000A\000r\000r\000a\000n\000g\000e\000m\000e\000n\000t}{subsection.4.16.1}% 115
\BOOKMARK [3][-]{subsubsection.4.16.1.2}{\376\377\000P\000h\000y\000s\000i\000c\000a\000l\000\040\000D\000i\000m\000e\000n\000s\000i\000o\000n\000s\000\040\000a\000n\000d\000\040\000E\000n\000c\000l\000o\000s\000u\000r\000e\000\040\000S\000p\000e\000c\000i\000f\000i\000c\000a\000t\000i\000o\000n\000s}{subsection.4.16.1}% 116
\BOOKMARK [1][-]{section.4.17}{\376\377\000M\000o\000b\000i\000l\000e\000\040\000A\000p\000p\000l\000i\000c\000a\000t\000i\000o\000n\000\040\000T\000e\000s\000t\000i\000n\000g\000\040\000R\000e\000s\000u\000l\000t\000s}{chapter.4}% 117
\BOOKMARK [2][-]{subsection.4.17.1}{\376\377\000G\000r\000a\000p\000h\000i\000c\000a\000l\000\040\000U\000s\000e\000r\000\040\000I\000n\000t\000e\000r\000f\000a\000c\000e\000\040\000I\000m\000p\000l\000e\000m\000e\000n\000t\000a\000t\000i\000o\000n}{section.4.17}% 118
\BOOKMARK [2][-]{subsection.4.17.2}{\376\377\000B\000l\000a\000c\000k\000\040\000B\000o\000x\000\040\000T\000e\000s\000t\000i\000n\000g}{section.4.17}% 119
\BOOKMARK [2][-]{subsection.4.17.3}{\376\377\000W\000h\000i\000t\000e\000\040\000B\000o\000x\000\040\000T\000e\000s\000t\000i\000n\000g}{section.4.17}% 120
\BOOKMARK [1][-]{section.4.18}{\376\377\000F\000u\000n\000c\000t\000i\000o\000n\000a\000l\000\040\000a\000n\000d\000\040\000U\000s\000a\000b\000i\000l\000i\000t\000y\000\040\000T\000e\000s\000t\000i\000n\000g\000\040\000R\000e\000s\000u\000l\000t\000s\000\040\000f\000o\000r\000\040\000C\000o\000m\000m\000u\000n\000i\000t\000y\000\040\000R\000e\000s\000i\000d\000e\000n\000t\000s}{chapter.4}% 121
\BOOKMARK [0][-]{chapter.5}{\376\377\000C\000O\000N\000C\000L\000U\000S\000I\000O\000N\000S\000\040\000A\000N\000D\000\040\000R\000E\000C\000O\000M\000M\000E\000N\000D\000A\000T\000I\000O\000N\000S}{}% 122
\BOOKMARK [1][-]{section.5.1}{\376\377\000S\000u\000m\000m\000a\000r\000y\000\040\000o\000f\000\040\000F\000i\000n\000d\000i\000n\000g\000s}{chapter.5}% 123
\BOOKMARK [1][-]{section.5.2}{\376\377\000C\000o\000n\000c\000l\000u\000s\000i\000o\000n}{chapter.5}% 124
\BOOKMARK [1][-]{section.5.3}{\376\377\000R\000e\000c\000o\000m\000m\000e\000n\000d\000a\000t\000i\000o\000n\000s}{chapter.5}% 125
\BOOKMARK [0][-]{chapter*.82}{\376\377\000A\000P\000P\000E\000N\000D\000I\000C\000E\000S}{}% 126
\BOOKMARK [0][-]{chapter*.82}{\376\377\000A\000p\000p\000e\000n\000d\000i\000x\000\040\000A\000:\000\040\000S\000t\000e\000p\000-\000b\000y\000-\000S\000t\000e\000p\000\040\000C\000a\000l\000c\000u\000l\000a\000t\000i\000o\000n}{}% 127
\BOOKMARK [0][-]{table.Alph0.72}{\376\377\000A\000p\000p\000e\000n\000d\000i\000x\000\040\000B\000:\000\040\000G\000a\000n\000t\000t\000\040\000C\000h\000a\000r\000t}{}% 128
\BOOKMARK [0][-]{figure.caption.83}{\376\377\000A\000p\000p\000e\000n\000d\000i\000x\000\040\000C\000:\000\040\000S\000o\000u\000r\000c\000e\000\040\000C\000o\000d\000e}{}% 129
\BOOKMARK [0][-]{figure.caption.83}{\376\377\000A\000p\000p\000e\000n\000d\000i\000x\000\040\000D\000:\000\040\000L\000e\000t\000t\000e\000r\000\040\000o\000f\000\040\000C\000o\000n\000s\000e\000n\000t}{}% 130
\BOOKMARK [0][-]{figure.caption.83}{\376\377\000A\000p\000p\000e\000n\000d\000i\000x\000\040\000E\000:\000\040\000I\000n\000t\000e\000r\000v\000i\000e\000w\000\040\000C\000o\000n\000d\000u\000c\000t\000e\000d}{}% 131
\BOOKMARK [0][-]{Item.130}{\376\377\000A\000p\000p\000e\000n\000d\000i\000x\000\040\000F\000:\000\040\000D\000o\000c\000u\000m\000e\000n\000t\000a\000t\000i\000o\000n}{}% 132
\BOOKMARK [0][-]{Item.130}{\376\377\000A\000p\000p\000e\000n\000d\000i\000x\000\040\000G\000:\000\040\000F\000u\000n\000c\000t\000i\000o\000n\000a\000l\000\040\000T\000e\000s\000t\000\040\000F\000o\000r\000m}{}% 133
\BOOKMARK [0][-]{Item.130}{\376\377\000A\000p\000p\000e\000n\000d\000i\000x\000\040\000H\000:\000\040\000S\000y\000s\000t\000e\000m\000\040\000U\000s\000a\000b\000i\000l\000i\000t\000y\000\040\000T\000e\000s\000t\000\040\000F\000o\000r\000m}{}% 134
\BOOKMARK [0][-]{Item.130}{\376\377\000A\000p\000p\000e\000n\000d\000i\000x\000\040\000I\000:\000\040\000N\000o\000m\000i\000n\000a\000t\000i\000o\000n\000\040\000o\000f\000\040\000M\000e\000m\000b\000e\000r\000s\000\040\000f\000o\000r\000\040\000O\000r\000a\000l\000\040\000E\000x\000a\000m\000i\000n\000a\000t\000i\000o\000n\000\040\000P\000a\000n\000e\000l\000\040\000F\000o\000r\000m}{}% 135
\BOOKMARK [0][-]{Item.130}{\376\377\000A\000p\000p\000e\000n\000d\000i\000x\000\040\000J\000:\000\040\000A\000p\000p\000r\000o\000v\000e\000d\000\040\000A\000p\000p\000l\000i\000c\000a\000t\000i\000o\000n\000\040\000f\000o\000r\000\040\000O\000r\000a\000l\000\040\000D\000e\000f\000e\000n\000s\000e\000\040\000F\000o\000r\000m\000s}{}% 136
\BOOKMARK [0][-]{Item.130}{\376\377\000A\000p\000p\000e\000n\000d\000i\000x\000\040\000K\000:\000\040\000R\000e\000v\000i\000s\000i\000o\000n\000\040\000M\000a\000t\000r\000i\000x}{}% 137
\BOOKMARK [0][-]{Item.130}{\376\377\000A\000p\000p\000e\000n\000d\000i\000x\000\040\000L\000:\000\040\000P\000l\000a\000g\000i\000a\000r\000i\000s\000m\000\040\000T\000e\000s\000t\000\040\000R\000e\000s\000u\000l\000t\000s}{}% 138
\BOOKMARK [0][-]{Item.130}{\376\377\000A\000p\000p\000e\000n\000d\000i\000x\000\040\000M\000:\000\040\000P\000r\000o\000o\000f\000r\000e\000a\000d\000i\000n\000g\000\040\000C\000e\000r\000t\000i\000f\000i\000c\000a\000t\000e\000\040\000a\000n\000d\000\040\000R\000e\000p\000o\000r\000t\000\040\000o\000f\000\040\000R\000a\000t\000i\000n\000g}{}% 139
\BOOKMARK [0][-]{Item.130}{\376\377\000R\000E\000F\000E\000R\000E\000N\000C\000E\000S}{}% 140
\BOOKMARK [0][-]{Item.130}{\376\377\000A\000p\000p\000e\000n\000d\000i\000x\000\040\000N\000:\000\040\000C\000u\000r\000r\000i\000c\000u\000l\000u\000m\000\040\000V\000i\000t\000a\000e}{}% 141
\BOOKMARK [0][-]{Item.130}{\376\377\000A\000p\000p\000e\000n\000d\000i\000x\000\040\000O\000:\000\040\000C\000e\000r\000t\000i\000f\000i\000c\000a\000t\000e\000\040\000o\000f\000\040\000A\000u\000t\000h\000e\000n\000t\000i\000c\000\040\000A\000u\000t\000h\000o\000r\000s\000h\000i\000p}{}% 142
